com\example\blog\service\ArticleModuleService.class
com\example\blog\dao\ArticleDao.class
com\example\blog\Result.class
com\example\blog\controller\DemoController.class
com\example\blog\entity\Article.class
com\example\blog\controller\CommentController.class
com\example\blog\entity\Comment.class
com\example\blog\config\WebSocketConfig.class
com\example\blog\service\ArticleService.class
com\example\blog\service\GitUserService.class
com\example\blog\entity\CommentObject.class
com\example\blog\service\CommentService.class
com\example\blog\dao\GitUserDao.class
com\example\blog\controller\ModuleController.class
com\example\blog\config\RedirectConfig.class
com\example\blog\controller\GitUserController.class
com\example\blog\dao\CommentDao.class
com\example\blog\service\ModuleService.class
com\example\blog\dao\ArticleModuleDao.class
com\example\blog\BlogApplication.class
com\example\blog\entity\AbstractEntity.class
com\example\blog\utils\MyWebSocket.class
com\example\blog\controller\ArticleController.class
com\example\blog\utils\imgUtil.class
com\example\blog\utils\RedisUtil.class
com\example\blog\entity\Article_Module.class
com\example\blog\entity\GitUser.class
com\example\blog\entity\Module.class
com\example\blog\config\SwaggerConfig.class
com\example\blog\dao\ModuleDao.class
