D:\Blog\springmvcblog\springbootbackend\src\main\java\com\example\blog\dao\ArticleDao.java
D:\Blog\springmvcblog\springbootbackend\src\main\java\com\example\blog\entity\AbstractEntity.java
D:\Blog\springmvcblog\springbootbackend\src\main\java\com\example\blog\entity\Article.java
D:\Blog\springmvcblog\springbootbackend\src\main\java\com\example\blog\utils\RedisUtil.java
D:\Blog\springmvcblog\springbootbackend\src\main\java\com\example\blog\config\WebSocketConfig.java
D:\Blog\springmvcblog\springbootbackend\src\main\java\com\example\blog\dao\ModuleDao.java
D:\Blog\springmvcblog\springbootbackend\src\main\java\com\example\blog\dao\ArticleModuleDao.java
D:\Blog\springmvcblog\springbootbackend\src\main\java\com\example\blog\controller\ArticleController.java
D:\Blog\springmvcblog\springbootbackend\src\main\java\com\example\blog\controller\CommentController.java
D:\Blog\springmvcblog\springbootbackend\src\main\java\com\example\blog\entity\Comment.java
D:\Blog\springmvcblog\springbootbackend\src\main\java\com\example\blog\BlogApplication.java
D:\Blog\springmvcblog\springbootbackend\src\main\java\com\example\blog\service\GitUserService.java
D:\Blog\springmvcblog\springbootbackend\src\main\java\com\example\blog\Result.java
D:\Blog\springmvcblog\springbootbackend\src\main\java\com\example\blog\service\ModuleService.java
D:\Blog\springmvcblog\springbootbackend\src\main\java\com\example\blog\controller\DemoController.java
D:\Blog\springmvcblog\springbootbackend\src\main\java\com\example\blog\entity\Module.java
D:\Blog\springmvcblog\springbootbackend\src\main\java\com\example\blog\service\ArticleModuleService.java
D:\Blog\springmvcblog\springbootbackend\src\main\java\com\example\blog\utils\MyWebSocket.java
D:\Blog\springmvcblog\springbootbackend\src\main\java\com\example\blog\config\SwaggerConfig.java
D:\Blog\springmvcblog\springbootbackend\src\main\java\com\example\blog\entity\CommentObject.java
D:\Blog\springmvcblog\springbootbackend\src\main\java\com\example\blog\service\ArticleService.java
D:\Blog\springmvcblog\springbootbackend\src\main\java\com\example\blog\entity\Article_Module.java
D:\Blog\springmvcblog\springbootbackend\src\main\java\com\example\blog\utils\imgUtil.java
D:\Blog\springmvcblog\springbootbackend\src\main\java\com\example\blog\service\CommentService.java
D:\Blog\springmvcblog\springbootbackend\src\main\java\com\example\blog\dao\CommentDao.java
D:\Blog\springmvcblog\springbootbackend\src\main\java\com\example\blog\controller\GitUserController.java
D:\Blog\springmvcblog\springbootbackend\src\main\java\com\example\blog\dao\GitUserDao.java
D:\Blog\springmvcblog\springbootbackend\src\main\java\com\example\blog\entity\GitUser.java
D:\Blog\springmvcblog\springbootbackend\src\main\java\com\example\blog\controller\ModuleController.java
D:\Blog\springmvcblog\springbootbackend\src\main\java\com\example\blog\config\RedirectConfig.java
